patching file AUTHORITY_REPAIR.md
patching file FINDINGS.md
patching file authority_test_support.py
patching file driftcore/authority/egress_authorization.py
patching file driftcore/authority/human_identity.py
patching file driftcore/verification/coordinator.py
patching file driftcore/verification/human_authorization.py
patching file driftcore/verification/invariant_guard.py
patching file driftcore/verification/mediated_actuation.py
patching file driftcore/verification/nonce_store_sqlite.py
patching file eval_harness.py
patching file marshmallow/README.md
patching file scripts/check_authority_controls.py
patching file scripts/check_nonce_startup_control.py
patching file scripts/robot_surface.py
patching file scripts/robot_surface_baseline.json
patching file scripts/verify_authority_isolation.py
patching file test_actuation_gate.py
patching file test_authority_boundary.py
patching file test_effect_wall_integration.py
patching file test_halt_and_restart.py
patching file test_halt_interlock_integration.py
patching file test_invariant_guard.py
patching file test_nonce_store_startup.py
patching file test_one_door.py
